[demo.themefisher.com/iamabdus/eden/index.html]
[backblue.gif]
[fade.gif]
[index.html]
[demo.themefisher.com/iamabdus/eden/plugins/bootstrap/css/bootstrap.min.css]
[demo.themefisher.com/iamabdus/eden/plugins/font-awesome/css/font-awesome.min.css]
[demo.themefisher.com/iamabdus/eden/plugins/bx-slider/jquery.bxslider.css]
[demo.themefisher.com/iamabdus/eden/plugins/select-box/select.css]
[demo.themefisher.com/iamabdus/eden/plugins/bootstrap-datepicker-master/bootstrap-datepicker3.min.css]
[demo.themefisher.com/iamabdus/eden/plugins/magnific-popup/magnific-popup.css]
[demo.themefisher.com/iamabdus/eden/plugins/rs-plugin/css/settings.css]
[demo.themefisher.com/iamabdus/eden/plugins/icomoon/style.css]
[demo.themefisher.com/iamabdus/eden/plugins/flexslider/flexslider.css]
[demo.themefisher.com/iamabdus/eden/plugins/dropdown/css/navbar.css]
[demo.themefisher.com/iamabdus/eden/plugins/star-Rating/css/star-rating.min.css]
[demo.themefisher.com/iamabdus/eden/css/colors/default.css]
[demo.themefisher.com/iamabdus/eden/css/style.css]
[demo.themefisher.com/iamabdus/eden/plugins/animate.css]
[demo.themefisher.com/iamabdus/eden/index-2.html]
[demo.themefisher.com/iamabdus/eden/images/logo.png]
[demo.themefisher.com/iamabdus/eden/rooms-grid-sidebar-right.html]
[demo.themefisher.com/iamabdus/eden/rooms-grid-sidebar-left.html]
[demo.themefisher.com/iamabdus/eden/rooms-grid-3col.html]
[demo.themefisher.com/iamabdus/eden/rooms-grid-4col.html]
[demo.themefisher.com/iamabdus/eden/rooms-list-fullwidth.html]
[demo.themefisher.com/iamabdus/eden/rooms-list-sidebar-right.html]
[demo.themefisher.com/iamabdus/eden/room-single-sidebar-right.html]
[demo.themefisher.com/iamabdus/eden/room-single-sidebar-left.html]
[demo.themefisher.com/iamabdus/eden/room-single-fullwidth.html]
[demo.themefisher.com/iamabdus/eden/booking-step1.html]
[demo.themefisher.com/iamabdus/eden/rooms-list-sidebar-left.html]
[demo.themefisher.com/iamabdus/eden/booking-step2.html]
[demo.themefisher.com/iamabdus/eden/booking-step3.html]
[demo.themefisher.com/iamabdus/eden/booking-confirmation.html]
[demo.themefisher.com/iamabdus/eden/about.html]
[demo.themefisher.com/iamabdus/eden/gallery-4col.html]
[demo.themefisher.com/iamabdus/eden/gallery-3col.html]
[demo.themefisher.com/iamabdus/eden/price-table.html]
[demo.themefisher.com/iamabdus/eden/404-error.html]
[demo.themefisher.com/iamabdus/eden/contact.html]
[demo.themefisher.com/iamabdus/eden/coming-soon-dark.html]
[demo.themefisher.com/iamabdus/eden/coming-soon-light.html]
[demo.themefisher.com/iamabdus/eden/events-sidebar-right.html]
[demo.themefisher.com/iamabdus/eden/events-3col.html]
[demo.themefisher.com/iamabdus/eden/events-sidebar-left.html]
[demo.themefisher.com/iamabdus/eden/events-fullwidth.html]
[demo.themefisher.com/iamabdus/eden/event-single-left-sidebar.html]
[demo.themefisher.com/iamabdus/eden/event-single-right-sidebar.html]
[demo.themefisher.com/iamabdus/eden/blog-sidebar-right.html]
[demo.themefisher.com/iamabdus/eden/blog-sidebar-left.html]
[demo.themefisher.com/iamabdus/eden/blog-single-sidebar-right.html]
[demo.themefisher.com/iamabdus/eden/blog-single-sidebar-left.html]
[demo.themefisher.com/iamabdus/eden/booking-steps.html]
[demo.themefisher.com/iamabdus/eden/images/home/slider-img1.jpg]
[demo.themefisher.com/iamabdus/eden/images/home/slider-img2.jpg]
[demo.themefisher.com/iamabdus/eden/images/home/slider-img3.jpg]
[demo.themefisher.com/iamabdus/eden/images/home/underline.png]
[demo.themefisher.com/iamabdus/eden/images/home/sample-rm3.jpg]
[demo.themefisher.com/iamabdus/eden/images/room/popup-img1.jpg]
[demo.themefisher.com/iamabdus/eden/images/home/sample-rm4.jpg]
[demo.themefisher.com/iamabdus/eden/images/room/room-img5.jpg]
[demo.themefisher.com/iamabdus/eden/images/home/sample-rm5.jpg]
[demo.themefisher.com/iamabdus/eden/images/home/event-img1.jpg]
[demo.themefisher.com/iamabdus/eden/images/home/event-img2.jpg]
[demo.themefisher.com/iamabdus/eden/images/home/author1.png]
[demo.themefisher.com/iamabdus/eden/images/map.png]
[demo.themefisher.com/iamabdus/eden/images/footer/sliderImg1.jpg]
[demo.themefisher.com/iamabdus/eden/images/footer/sliderImg2.jpg]
[demo.themefisher.com/iamabdus/eden/images/footer/sliderImg3.jpg]
[demo.themefisher.com/iamabdus/eden/images/footer/sample-rm1.jpg]
[demo.themefisher.com/iamabdus/eden/images/footer/sample-rm2.jpg]
[ajax.googleapis.com/ajax/libs/jquery/1.11.3/jquery.min.js]
[demo.themefisher.com/iamabdus/eden/plugins/bootstrap/js/bootstrap.min.js]
[demo.themefisher.com/iamabdus/eden/plugins/bx-slider/jquery.bxslider.min.js]
[demo.themefisher.com/iamabdus/eden/plugins/select-box/select.js]
[demo.themefisher.com/iamabdus/eden/plugins/bootstrap-datepicker-master/bootstrap-datepicker.min.js]
[demo.themefisher.com/iamabdus/eden/plugins/rs-plugin/js/jquery.themepunch.revolution.min.js]
[demo.themefisher.com/iamabdus/eden/plugins/rs-plugin/js/jquery.themepunch.tools.min.js]
[demo.themefisher.com/iamabdus/eden/plugins/mixitup-master/jquery.mixitup.min.js]
[demo.themefisher.com/iamabdus/eden/plugins/magnific-popup/jquery.magnific-popup.min.js]
[demo.themefisher.com/iamabdus/eden/plugins/flexslider/jquery.flexslider-min.js]
[demo.themefisher.com/iamabdus/eden/plugins/countdown/jquery.syotimer.js]
[demo.themefisher.com/iamabdus/eden/plugins/dropdown/js/navbar.js]
[demo.themefisher.com/iamabdus/eden/index.html]
[demo.themefisher.com/iamabdus/eden/plugins/star-Rating/js/star-rating.min.js]
[demo.themefisher.com/iamabdus/eden/js/custom.js]
[demo.themefisher.com/iamabdus/eden/plugins/bootstrap/fonts/glyphicons-halflings-regular.woff2]
[demo.themefisher.com/iamabdus/eden/plugins/bootstrap/fonts/glyphicons-halflings-regular.woff]
[demo.themefisher.com/iamabdus/eden/plugins/bootstrap/fonts/glyphicons-halflings-regular.eot]
[demo.themefisher.com/iamabdus/eden/plugins/bootstrap/fonts/glyphicons-halflings-regulard41d.eot]
[demo.themefisher.com/iamabdus/eden/plugins/bootstrap/fonts/glyphicons-halflings-regular.ttf]
[demo.themefisher.com/iamabdus/eden/plugins/bootstrap/css/bootstrap.min.css]
[demo.themefisher.com/iamabdus/eden/plugins/bootstrap/fonts/glyphicons-halflings-regular.svg]
[demo.themefisher.com/iamabdus/eden/plugins/font-awesome/fonts/fontawesome-webfont3295.woff2]
[demo.themefisher.com/iamabdus/eden/plugins/font-awesome/fonts/fontawesome-webfont3295.woff]
[demo.themefisher.com/iamabdus/eden/plugins/font-awesome/fonts/fontawesome-webfont3295.eot]
[demo.themefisher.com/iamabdus/eden/plugins/font-awesome/fonts/fontawesome-webfont3295.ttf]
[demo.themefisher.com/iamabdus/eden/plugins/font-awesome/fonts/fontawesome-webfontd41d.eot]
[demo.themefisher.com/iamabdus/eden/plugins/font-awesome/css/font-awesome.min.css]
[demo.themefisher.com/iamabdus/eden/plugins/bx-slider/images/bx_loader.gif]
[demo.themefisher.com/iamabdus/eden/plugins/bx-slider/images/controls.png]
[demo.themefisher.com/iamabdus/eden/plugins/font-awesome/fonts/fontawesome-webfont3295.svg]
[demo.themefisher.com/iamabdus/eden/plugins/bx-slider/jquery.bxslider.css]
[demo.themefisher.com/iamabdus/eden/plugins/rs-plugin/images/gradient/g30.png]
[demo.themefisher.com/iamabdus/eden/plugins/rs-plugin/images/gradient/g40.png]
[demo.themefisher.com/iamabdus/eden/plugins/rs-plugin/assets/shadow1.png]
[demo.themefisher.com/iamabdus/eden/plugins/rs-plugin/assets/shadow2.png]
[demo.themefisher.com/iamabdus/eden/plugins/rs-plugin/assets/shadow3.png]
[demo.themefisher.com/iamabdus/eden/plugins/rs-plugin/assets/gridtile.png]
[demo.themefisher.com/iamabdus/eden/plugins/rs-plugin/assets/gridtile_white.png]
[demo.themefisher.com/iamabdus/eden/plugins/rs-plugin/assets/gridtile_3x3.png]
[demo.themefisher.com/iamabdus/eden/plugins/rs-plugin/assets/gridtile_3x3_white.png]
[demo.themefisher.com/iamabdus/eden/plugins/rs-plugin/assets/boxed_bgtile.png]
[demo.themefisher.com/iamabdus/eden/plugins/rs-plugin/assets/navigdots_bgtile.png]
[demo.themefisher.com/iamabdus/eden/plugins/rs-plugin/assets/bullet.png]
[demo.themefisher.com/iamabdus/eden/plugins/rs-plugin/assets/bullets.png]
[demo.themefisher.com/iamabdus/eden/plugins/rs-plugin/assets/bullets2.png]
[demo.themefisher.com/iamabdus/eden/plugins/rs-plugin/assets/bullet_boxed.png]
[demo.themefisher.com/iamabdus/eden/plugins/rs-plugin/assets/navigdots.png]
[demo.themefisher.com/iamabdus/eden/plugins/rs-plugin/assets/large_left.png]
[demo.themefisher.com/iamabdus/eden/plugins/rs-plugin/assets/large_right.png]
[demo.themefisher.com/iamabdus/eden/plugins/rs-plugin/assets/small_left.png]
[demo.themefisher.com/iamabdus/eden/plugins/rs-plugin/assets/small_right.png]
[demo.themefisher.com/iamabdus/eden/plugins/rs-plugin/assets/arrow_left.png]
[demo.themefisher.com/iamabdus/eden/plugins/rs-plugin/assets/arrow_right.png]
[demo.themefisher.com/iamabdus/eden/plugins/rs-plugin/assets/small_left_boxed.png]
[demo.themefisher.com/iamabdus/eden/plugins/rs-plugin/assets/small_right_boxed.png]
[demo.themefisher.com/iamabdus/eden/plugins/rs-plugin/assets/arrowleft.png]
[demo.themefisher.com/iamabdus/eden/plugins/rs-plugin/assets/arrowright.png]
[demo.themefisher.com/iamabdus/eden/plugins/rs-plugin/assets/arrow_left2.png]
[demo.themefisher.com/iamabdus/eden/plugins/rs-plugin/assets/arrow_right2.png]
[demo.themefisher.com/iamabdus/eden/plugins/rs-plugin/assets/timer.png]
[demo.themefisher.com/iamabdus/eden/plugins/rs-plugin/assets/coloredbg.png]
[demo.themefisher.com/iamabdus/eden/plugins/rs-plugin/assets/loader.gif]
[demo.themefisher.com/iamabdus/eden/plugins/rs-plugin/font/revicons90c6.woff]
[demo.themefisher.com/iamabdus/eden/plugins/rs-plugin/font/revicons90c6.ttf]
[demo.themefisher.com/iamabdus/eden/plugins/rs-plugin/font/revicons90c6.eot]
[demo.themefisher.com/iamabdus/eden/plugins/rs-plugin/css/settings.css]
[demo.themefisher.com/iamabdus/eden/plugins/select-box/select.css]
[demo.themefisher.com/iamabdus/eden/plugins/bootstrap-datepicker-master/bootstrap-datepicker3.min.css]
[demo.themefisher.com/iamabdus/eden/plugins/magnific-popup/magnific-popup.css]
[demo.themefisher.com/iamabdus/eden/plugins/rs-plugin/font/revicons90c6.svg]
[demo.themefisher.com/iamabdus/eden/plugins/icomoon/fonts/icomoon2152.ttf]
[demo.themefisher.com/iamabdus/eden/plugins/icomoon/fonts/icomoon2152.woff]
[demo.themefisher.com/iamabdus/eden/plugins/icomoon/style.css]
[demo.themefisher.com/iamabdus/eden/plugins/icomoon/fonts/icomoon2152.svg]
[demo.themefisher.com/iamabdus/eden/plugins/flexslider/fonts/flexslider-icon.eot]
[demo.themefisher.com/iamabdus/eden/plugins/flexslider/fonts/flexslider-icond41d.eot]
[demo.themefisher.com/iamabdus/eden/plugins/flexslider/fonts/flexslider-icon.woff]
[demo.themefisher.com/iamabdus/eden/plugins/flexslider/fonts/flexslider-icon.ttf]
[demo.themefisher.com/iamabdus/eden/plugins/flexslider/fonts/flexslider-icon.svg]
[demo.themefisher.com/iamabdus/eden/plugins/flexslider/flexslider.css]
[demo.themefisher.com/iamabdus/eden/plugins/dropdown/css/navbar.css]
[demo.themefisher.com/iamabdus/eden/plugins/star-Rating/img/loading.gif]
[demo.themefisher.com/iamabdus/eden/plugins/star-Rating/css/star-rating.min.css]
[demo.themefisher.com/iamabdus/eden/plugins/animate.css]
[demo.themefisher.com/iamabdus/eden/images/home/quote.png]
[demo.themefisher.com/iamabdus/eden/images/home/arrowTest.png]
[demo.themefisher.com/iamabdus/eden/images/home/full-img.jpg]
[demo.themefisher.com/iamabdus/eden/plugins/icomoon/fonts/icomoon2152.eot]
[demo.themefisher.com/iamabdus/eden/images/room/full-img1.jpg]
[demo.themefisher.com/iamabdus/eden/images/cooming-soon/cooming-Soon-Dark.jpg]
[demo.themefisher.com/iamabdus/eden/css/style.css]
[demo.themefisher.com/iamabdus/eden/css/colors/default.css]
[demo.themefisher.com/iamabdus/eden/index-2.html]
[demo.themefisher.com/iamabdus/eden/images/room/banner-room3.jpg]
[demo.themefisher.com/iamabdus/eden/images/sidebar/post-thumb1.jpg]
[demo.themefisher.com/iamabdus/eden/images/sidebar/post-thumb2.jpg]
[demo.themefisher.com/iamabdus/eden/images/sidebar/post-thumb3.jpg]
[demo.themefisher.com/iamabdus/eden/images/sidebar/post-thumb4.jpg]
[demo.themefisher.com/iamabdus/eden/rooms-grid-sidebar-right.html]
[demo.themefisher.com/iamabdus/eden/rooms-grid-sidebar-left.html]
[demo.themefisher.com/iamabdus/eden/rooms-grid-3col.html]
[demo.themefisher.com/iamabdus/eden/rooms-grid-4col.html]
[demo.themefisher.com/iamabdus/eden/images/room/room-img1.jpg]
[demo.themefisher.com/iamabdus/eden/images/room/room-img2.jpg]
[demo.themefisher.com/iamabdus/eden/images/room/room-img3.jpg]
[demo.themefisher.com/iamabdus/eden/images/room/room-img4.jpg]
[demo.themefisher.com/iamabdus/eden/rooms-list-fullwidth.html]
[demo.themefisher.com/iamabdus/eden/images/room/room-img6.jpg]
[demo.themefisher.com/iamabdus/eden/images/room/room-img7.jpg]
[demo.themefisher.com/iamabdus/eden/images/room/room-img8.jpg]
[demo.themefisher.com/iamabdus/eden/images/room/room-img9.jpg]
[demo.themefisher.com/iamabdus/eden/images/room/room-img10.jpg]
[demo.themefisher.com/iamabdus/eden/rooms-list-sidebar-right.html]
[demo.themefisher.com/iamabdus/eden/rooms-list-sidebar-left.html]
[demo.themefisher.com/iamabdus/eden/images/room/Single-img1.jpg]
[demo.themefisher.com/iamabdus/eden/images/room/avater.jpg]
[demo.themefisher.com/iamabdus/eden/room-single-fullwidth.html]
[demo.themefisher.com/iamabdus/eden/room-single-sidebar-right.html]
[demo.themefisher.com/iamabdus/eden/room-single-sidebar-left.html]
[demo.themefisher.com/iamabdus/eden/booking-step1.html]
[demo.themefisher.com/iamabdus/eden/images/booking/booking-img1.jpg]
[demo.themefisher.com/iamabdus/eden/images/booking/card1.jpg]
[demo.themefisher.com/iamabdus/eden/images/booking/card2.jpg]
[demo.themefisher.com/iamabdus/eden/images/booking/card3.jpg]
[demo.themefisher.com/iamabdus/eden/images/booking/card4.jpg]
[demo.themefisher.com/iamabdus/eden/images/booking/card5.jpg]
[demo.themefisher.com/iamabdus/eden/booking-step2.html]
[demo.themefisher.com/iamabdus/eden/images/booking/card6.png]
[demo.themefisher.com/iamabdus/eden/booking-step3.html]
[demo.themefisher.com/iamabdus/eden/images/about/about-banner.jpg]
[demo.themefisher.com/iamabdus/eden/images/booking/booking-img2.jpg]
[demo.themefisher.com/iamabdus/eden/booking-confirmation.html]
[demo.themefisher.com/iamabdus/eden/images/about/about-img1.jpg]
[demo.themefisher.com/iamabdus/eden/images/about/about-img2.jpg]
[demo.themefisher.com/iamabdus/eden/about.html]
[demo.themefisher.com/iamabdus/eden/images/gallery/gallery-img1.jpg]
[demo.themefisher.com/iamabdus/eden/images/gallery/gallery-img5.jpg]
[demo.themefisher.com/iamabdus/eden/images/gallery/gallery-img6.jpg]
[demo.themefisher.com/iamabdus/eden/images/gallery/gallery-img2.jpg]
[demo.themefisher.com/iamabdus/eden/images/gallery/gallery-img3.jpg]
[demo.themefisher.com/iamabdus/eden/images/gallery/gallery-img4.jpg]
[demo.themefisher.com/iamabdus/eden/gallery-3col.html]
[demo.themefisher.com/iamabdus/eden/images/gallery/gallery-img7.jpg]
[demo.themefisher.com/iamabdus/eden/images/gallery/gallery-img8.jpg]
[demo.themefisher.com/iamabdus/eden/images/gallery/gallery-img9.jpg]
[demo.themefisher.com/iamabdus/eden/images/gallery/gallery-img10.jpg]
[demo.themefisher.com/iamabdus/eden/images/gallery/gallery-img11.jpg]
[demo.themefisher.com/iamabdus/eden/images/gallery/gallery-img12.jpg]
[demo.themefisher.com/iamabdus/eden/images/gallery/gallery-img13.jpg]
[demo.themefisher.com/iamabdus/eden/images/gallery/gallery-img14.jpg]
[demo.themefisher.com/iamabdus/eden/gallery-4col.html]
[demo.themefisher.com/iamabdus/eden/images/price/price-img1.jpg]
[demo.themefisher.com/iamabdus/eden/images/price/price-img2.jpg]
[demo.themefisher.com/iamabdus/eden/images/price/price-img3.jpg]
[demo.themefisher.com/iamabdus/eden/images/price/price-img4.jpg]
[demo.themefisher.com/iamabdus/eden/images/price/price-img5.jpg]
[demo.themefisher.com/iamabdus/eden/images/price/price-img6.jpg]
[demo.themefisher.com/iamabdus/eden/images/price/price-img7.jpg]
[demo.themefisher.com/iamabdus/eden/price-table.html]
[demo.themefisher.com/iamabdus/eden/images/error/error-banner.jpg]
[demo.themefisher.com/iamabdus/eden/404-error.html]
[demo.themefisher.com/iamabdus/eden/contact.html]
[demo.themefisher.com/iamabdus/eden/coming-soon-dark.html]
[demo.themefisher.com/iamabdus/eden/images/cooming-soon/cooming-soon-banner.jpg]
[demo.themefisher.com/iamabdus/eden/coming-soon-light.html]
[demo.themefisher.com/iamabdus/eden/images/event/event-img1.jpg]
[demo.themefisher.com/iamabdus/eden/images/event/event-img2.jpg]
[demo.themefisher.com/iamabdus/eden/images/event/event-img3.jpg]
[demo.themefisher.com/iamabdus/eden/images/event/event-img5.jpg]
[demo.themefisher.com/iamabdus/eden/images/event/event-img4.jpg]
[demo.themefisher.com/iamabdus/eden/images/event/event-img7.jpg]
[demo.themefisher.com/iamabdus/eden/images/event/event-img9.jpg]
[demo.themefisher.com/iamabdus/eden/images/event/event-img6.jpg]
[demo.themefisher.com/iamabdus/eden/events-3col.html]
[demo.themefisher.com/iamabdus/eden/events-sidebar-right.html]
[demo.themefisher.com/iamabdus/eden/events-sidebar-left.html]
[demo.themefisher.com/iamabdus/eden/events-fullwidth.html]
[demo.themefisher.com/iamabdus/eden/images/blog/blog-banner.jpg]
[demo.themefisher.com/iamabdus/eden/images/blog/blog-img1.jpg]
[demo.themefisher.com/iamabdus/eden/event-single-left-sidebar.html]
[demo.themefisher.com/iamabdus/eden/event-single-right-sidebar.html]
[demo.themefisher.com/iamabdus/eden/images/blog/blog-img2.jpg]
[demo.themefisher.com/iamabdus/eden/images/blog/blog-img3.jpg]
[demo.themefisher.com/iamabdus/eden/images/blog/blog-img4.jpg]
[demo.themefisher.com/iamabdus/eden/blog-sidebar-right.html]
[demo.themefisher.com/iamabdus/eden/blog-sidebar-left.html]
[demo.themefisher.com/iamabdus/eden/blog-single-sidebar-right.html]
[demo.themefisher.com/iamabdus/eden/blog-single-sidebar-left.html]
[demo.themefisher.com/iamabdus/eden/booking-steps.html]
[demo.themefisher.com/iamabdus/eden/plugins/bootstrap/fonts/glyphicons-halflings-regular.svg]
[demo.themefisher.com/iamabdus/eden/plugins/font-awesome/fonts/fontawesome-webfont3295.svg]
[demo.themefisher.com/iamabdus/eden/plugins/bx-slider/images/bx_loader.html]
[demo.themefisher.com/iamabdus/eden/plugins/bx-slider/images/controls.html]
[demo.themefisher.com/iamabdus/eden/plugins/rs-plugin/font/revicons90c6.svg]
[demo.themefisher.com/iamabdus/eden/plugins/icomoon/fonts/icomoon2152.svg]
[demo.themefisher.com/iamabdus/eden/plugins/flexslider/fonts/flexslider-icon.html]
[demo.themefisher.com/iamabdus/eden/plugins/flexslider/fonts/flexslider-icond41d.html]
[demo.themefisher.com/iamabdus/eden/plugins/flexslider/fonts/flexslider-icon-2.html]
[demo.themefisher.com/iamabdus/eden/plugins/flexslider/fonts/flexslider-icon-3.html]
[demo.themefisher.com/iamabdus/eden/plugins/flexslider/fonts/flexslider-icon-4.html]
[demo.themefisher.com/iamabdus/eden/plugins/star-Rating/img/loading.html]
